[INFO] Scanning for projects...
[WARNING] 
[WARNING] Some problems were encountered while building the effective model for com.zosh:ecommerce:jar:0.0.1-SNAPSHOT
[WARNING] 'dependencies.dependency.scope' for org.projectlombok:lombok:jar must be one of [provided, compile, runtime, test, system] but is 'annotationProcessor'. @ line 112, column 11
[WARNING] 
[WARNING] It is highly recommended to fix these problems because they threaten the stability of your build.
[WARNING] 
[WARNING] For this reason, future Maven versions might no longer support building such malformed projects.
[WARNING] 
[INFO] 
[INFO] -------------------------< com.zosh:ecommerce >-------------------------
[INFO] Building ecommerce 0.0.1-SNAPSHOT
[INFO]   from pom.xml
[INFO] --------------------------------[ jar ]---------------------------------
[INFO] 
[INFO] --- resources:3.3.1:resources (default-resources) @ ecommerce ---
[INFO] Copying 1 resource from src\main\resources to target\classes
[INFO] Copying 0 resource from src\main\resources to target\classes
[INFO] 
[INFO] --- compiler:3.13.0:compile (default-compile) @ ecommerce ---
[INFO] Recompiling the module because of changed source code.
[INFO] Compiling 83 source files with javac [debug parameters release 17] to target\classes
[INFO] -------------------------------------------------------------
[WARNING] COMPILATION WARNING : 
[INFO] -------------------------------------------------------------
[WARNING] /D:/download IMP/Ecommerce-Full-Stack-Project-2025-25-01-12-21-17 (2)/Ecommerce-Full-Stack-Project-2025-25-01-12-21-17/source/ecommerce-server/src/main/java/com/shop/config/AppConfig.java:[26,21] sessionManagement() in org.springframework.security.config.annotation.web.builders.HttpSecurity has been deprecated and marked for removal
[WARNING] /D:/download IMP/Ecommerce-Full-Stack-Project-2025-25-01-12-21-17 (2)/Ecommerce-Full-Stack-Project-2025-25-01-12-21-17/source/ecommerce-server/src/main/java/com/shop/config/AppConfig.java:[27,33] and() in org.springframework.security.config.annotation.SecurityConfigurerAdapter has been deprecated and marked for removal
[WARNING] /D:/download IMP/Ecommerce-Full-Stack-Project-2025-25-01-12-21-17 (2)/Ecommerce-Full-Stack-Project-2025-25-01-12-21-17/source/ecommerce-server/src/main/java/com/shop/config/AppConfig.java:[32,33] csrf() in org.springframework.security.config.annotation.web.builders.HttpSecurity has been deprecated and marked for removal
[WARNING] /D:/download IMP/Ecommerce-Full-Stack-Project-2025-25-01-12-21-17 (2)/Ecommerce-Full-Stack-Project-2025-25-01-12-21-17/source/ecommerce-server/src/main/java/com/shop/config/AppConfig.java:[33,33] cors() in org.springframework.security.config.annotation.web.builders.HttpSecurity has been deprecated and marked for removal
[WARNING] /D:/download IMP/Ecommerce-Full-Stack-Project-2025-25-01-12-21-17 (2)/Ecommerce-Full-Stack-Project-2025-25-01-12-21-17/source/ecommerce-server/src/main/java/com/shop/config/AppConfig.java:[57,33] and() in org.springframework.security.config.annotation.SecurityConfigurerAdapter has been deprecated and marked for removal
[WARNING] /D:/download IMP/Ecommerce-Full-Stack-Project-2025-25-01-12-21-17 (2)/Ecommerce-Full-Stack-Project-2025-25-01-12-21-17/source/ecommerce-server/src/main/java/com/shop/config/AppConfig.java:[58,33] httpBasic() in org.springframework.security.config.annotation.web.builders.HttpSecurity has been deprecated and marked for removal
[WARNING] /D:/download IMP/Ecommerce-Full-Stack-Project-2025-25-01-12-21-17 (2)/Ecommerce-Full-Stack-Project-2025-25-01-12-21-17/source/ecommerce-server/src/main/java/com/shop/config/AppConfig.java:[59,33] and() in org.springframework.security.config.annotation.SecurityConfigurerAdapter has been deprecated and marked for removal
[WARNING] /D:/download IMP/Ecommerce-Full-Stack-Project-2025-25-01-12-21-17 (2)/Ecommerce-Full-Stack-Project-2025-25-01-12-21-17/source/ecommerce-server/src/main/java/com/shop/config/AppConfig.java:[60,33] formLogin() in org.springframework.security.config.annotation.web.builders.HttpSecurity has been deprecated and marked for removal
[INFO] 8 warnings 
[INFO] -------------------------------------------------------------
[INFO] -------------------------------------------------------------
[ERROR] COMPILATION ERROR : 
[INFO] -------------------------------------------------------------
[ERROR] /D:/download IMP/Ecommerce-Full-Stack-Project-2025-25-01-12-21-17 (2)/Ecommerce-Full-Stack-Project-2025-25-01-12-21-17/source/ecommerce-server/src/main/java/com/shop/controller/AuthController.java:[71,42] cannot find symbol
  symbol:   variable LocalDateTime
  location: class com.shop.controller.AuthController
[INFO] 1 error
[INFO] -------------------------------------------------------------
[INFO] ------------------------------------------------------------------------
[INFO] BUILD FAILURE
[INFO] ------------------------------------------------------------------------
[INFO] Total time:  9.553 s
[INFO] Finished at: 2026-02-03T14:21:28+05:30
[INFO] ------------------------------------------------------------------------
[ERROR] Failed to execute goal org.apache.maven.plugins:maven-compiler-plugin:3.13.0:compile (default-compile) on project ecommerce: Compilation failure
[ERROR] /D:/download IMP/Ecommerce-Full-Stack-Project-2025-25-01-12-21-17 (2)/Ecommerce-Full-Stack-Project-2025-25-01-12-21-17/source/ecommerce-server/src/main/java/com/shop/controller/AuthController.java:[71,42] cannot find symbol
[ERROR]   symbol:   variable LocalDateTime
[ERROR]   location: class com.shop.controller.AuthController
[ERROR] 
[ERROR] -> [Help 1]
[ERROR] 
[ERROR] To see the full stack trace of the errors, re-run Maven with the -e switch.
[ERROR] Re-run Maven using the -X switch to enable full debug logging.
[ERROR] 
[ERROR] For more information about the errors and possible solutions, please read the following articles:
[ERROR] [Help 1] http://cwiki.apache.org/confluence/display/MAVEN/MojoFailureException
